2025-06-28 09:26:10 - INFO - Start execution Nodes=300 Benchmark=bt.A.x Allocation Strategy=lowest-price
2025-06-28 09:27:24 - INFO - Faltam 300 instâncias. Tentando criar 300 do tipo m5.24xlarge na região us-east-1f.
2025-06-28 09:27:24 - INFO - Found credentials in shared credentials file: ~/.aws/credentials
2025-06-28 09:27:35 - INFO - Fleet created with instances: ['i-04ccea2ca5cb5715f', 'i-04b18fe9f2a9ab2b1', 'i-062947318b4bc3cb7', 'i-00ebf177fc8bf0dc7', 'i-0cd53dd36e6eee8e9', 'i-08eafdde8cea6453e', 'i-0a7d47c44fb713421', 'i-0fe9a9aa48e3afd2c', 'i-027c6243cf41231ae', 'i-04520db3f8cf360ee', 'i-003d988d472d0933c', 'i-095970081acd6ab75', 'i-0802e6f2126523ab2', 'i-01d3ff0ba3ed49136', 'i-0ea1bb22738bdafb6', 'i-06576f7f6bf33072e', 'i-053fddf3aca1fdd0f', 'i-078bf64322d4f5993', 'i-02be41912df8710e7', 'i-0f33116730e4fe1b0', 'i-09fb2948ac415aec1', 'i-06c9a266606317185', 'i-08033d0ba06077580', 'i-00c08abffe88638be', 'i-063cbc69154b406f8', 'i-0188bde47edd1f02f', 'i-014dc4bf40edf745e', 'i-0d05819481c26a981', 'i-08b51f40049380f67', 'i-07720eaad4329b17e', 'i-02bac84bf6f78b8fd', 'i-027a07d5309535214', 'i-08320ea1dfc445922', 'i-05703906ba643a1f5', 'i-0b3a98c15ccd5cb86', 'i-0dc15491ec65dcd18', 'i-0dc2a5bca90e7e81d', 'i-06961f8d5025d6c9b', 'i-0d2479d7fdf16e964', 'i-0e478165d3919e970', 'i-0a6c4cd9279004351', 'i-09a477b6552b81954', 'i-02ed155134c75dcda', 'i-0101d84bb0b2a1ecf', 'i-0579697f3316d2b55', 'i-0144be4deb7b3d62d', 'i-0a641b41c4ccce638', 'i-027c983d3bd52f724', 'i-02ed6f862bf11a88f', 'i-0a86a923759405118', 'i-0d4137b5d1d542261', 'i-013e0f2b158a3f557', 'i-0c863b6a3f762d68b', 'i-0e555da5fa3ba1ee8', 'i-051d86bb7d3234a00', 'i-05229937b68a4e152', 'i-096ef3b9f5767d2c0', 'i-028404739001c55b4', 'i-0159cd7013d1393c9', 'i-080754e85c0c5af3f', 'i-036f51ca9a1d5ac60', 'i-04850b5a9663a2617', 'i-0fb91525d76303270', 'i-00db33bbdb53021ba', 'i-08a89a70c238df76e', 'i-0f22caf0145c407dc', 'i-09f3653559c1ca945', 'i-00fa1f7551691e480', 'i-01497df6b6df26fe9', 'i-0115db8824a264cf3', 'i-0fa8b6b4c872e8fb8', 'i-0e002106f24aacc40', 'i-059e84c7a04a14ce1', 'i-0f06c745db3b4b79f', 'i-0eccfe7de8a5dce99', 'i-09609d898b7e9a0c5', 'i-050ad568e32259aaa', 'i-0b15b5313d491f1fb', 'i-0301e655526aed4b1', 'i-0fddc282a27c5639d', 'i-0119b9bade91eb766', 'i-018a41ed7f337d282', 'i-048389f6a97d7e1f3', 'i-048bddf5e4d0beefc', 'i-053391d1c1efaa1c7', 'i-0c25c5f800aa2d197', 'i-017caa45388acd103', 'i-0f854c412aef18e10', 'i-052a46f6eec3cf437', 'i-0d3c59695e8f4fd63', 'i-054be75857558fd4e', 'i-073d7a28ddaec788d', 'i-03cd1596e2678645a', 'i-0a3d0f99acf9fcf9a', 'i-065b9e0f00d24f814', 'i-0d286a6198381efed', 'i-099b54bf1f03b73b6', 'i-0f542ae7c9fe1087e', 'i-0417e27cfcfec64a2', 'i-0a117841581eebbc0', 'i-0cea03dbcf7a852ed', 'i-0e2b748aedf32d5f4', 'i-01ae1ae17e0e8a2e3', 'i-0a1f0e29e0667ad97', 'i-0a14c5de25e96506f', 'i-0eed8c5b91f186fd2', 'i-08d4342ef3cdd562a', 'i-089800caa65d49daf', 'i-0f7e7ecd052b91bf6', 'i-065bfca04ec78230a', 'i-0831e0e55d41c35ac', 'i-0d9847a27b6bbbecf', 'i-016a32d56d61c6173', 'i-0896f04ddec60745f', 'i-0c30799a422279d2a', 'i-00738f118793006ca', 'i-0caa3e772c1f87e31', 'i-0bcbe136df2f9150c', 'i-04b75ed05c2c4ad24', 'i-018d86e88d36a07be', 'i-077ed6eb42ec03cae', 'i-045886ee361680726', 'i-0fca18bc9c38d3d9b', 'i-0b5b5718314262df1', 'i-0ac9def3b307fa6ea', 'i-06c46e7b9aeb4bbaf', 'i-030880451fbe1aa81', 'i-033136d1f2bd732ef', 'i-03104463bc30941ab', 'i-030d6b99ebe00747e', 'i-00f85357cf7e14e06', 'i-033c8d268c006b705', 'i-0c5381b067a73ec48', 'i-09dbd985d0de475c2', 'i-024066fbc5d65a490', 'i-0f784008d5b041aa6', 'i-029a7aa1c9f5a5560', 'i-0e21615e90107b9fe', 'i-09dfded92211190dc', 'i-056a5f4e32f0f76f0', 'i-00f98ecef6eb1792f', 'i-03442bc5f279df308', 'i-03ee32c89c5585cdc', 'i-0670b9bb2d6069e3f', 'i-0b689600db05cb4ea', 'i-0ecbf9e005ecf135f', 'i-00db7a98bebe425b2', 'i-0c4cadc0e00f19c64', 'i-0fe733b2a7cd549ef', 'i-0d60976ae85435863', 'i-00d28a48bd89fc142', 'i-0859046b68908c1ba', 'i-0c89d628d448d73af', 'i-04bd7f9b2c9e1c56b', 'i-0836f655256f4939b', 'i-07a84afcbf7e2580d', 'i-0e10efd38bd5087fb', 'i-0990301683c2a0e52', 'i-0c60765b5f69af993', 'i-0b9dee2e1d327779f', 'i-052e4c5c41ef0a02c', 'i-0e843f6e8b0045974', 'i-08fc89f0f552a1f1e', 'i-034ed6ec7f23ff71a', 'i-0cbf0bb727a403cf1', 'i-0050dd10be3072ce6', 'i-0cea8fc898faeccea', 'i-0cb275ff3f050b6b1', 'i-08b59b327e8fef55a', 'i-050b7ee54dd1b5b39', 'i-0683a40e4a632ab5b', 'i-08bb3891cbb745867', 'i-098453e368bd9ae67', 'i-0687f19d1c7f59860', 'i-0d461779d372ba15e', 'i-0f9c7e7b931f3e0ae', 'i-08f24b947c00a9576', 'i-03b4d8ba05521b569', 'i-04318aacd9d371635', 'i-01c95baa6b2e9b830', 'i-0c3f072e9cb0e0c17', 'i-0d1991205863ca3a9', 'i-0ea802f077e93a712', 'i-09dc8feecc3d2ebb5', 'i-053c5e13d3d3eb60c', 'i-01b02110389deeff1', 'i-040de450763012863', 'i-023fb2e650e61e4d2', 'i-0e4dfc172a9443ede', 'i-00258d6eb5967e641', 'i-060b6dfcc6c30bf7e', 'i-066685fccbe4f5b6d', 'i-078d8a257491dca84', 'i-04bd2b3978955fdb0', 'i-0959956b35dea2a0c', 'i-094ca87ae53cb1a4f', 'i-0c2b1b82b6e0d98f1', 'i-009bcf4dc9e6227a5', 'i-0e320d60964d39b17', 'i-0fcb4977f0583a492', 'i-082510d541ee1a561', 'i-0813176354b4ab7fb', 'i-05188dc9621f553eb', 'i-03cba480d36519bd3', 'i-06e6b6803c123a687', 'i-0e50040708e057117', 'i-0b2fef3ecfd77930e', 'i-0f835c78ea2dc7ad4', 'i-0ba01d67e681f981e', 'i-08cdd9ca65ec285bc', 'i-0072d4322d34dcade', 'i-0499fb4cd9a026a55', 'i-06ea1b197f063e575', 'i-07433603ca68ee24c', 'i-0816c8a71d36fdb4d', 'i-09fb8e1570de2219c', 'i-0233c77132d613371', 'i-092327cc493a4ff5d', 'i-0ce758c12c9cf95fd', 'i-0dc1742a2f63593e8', 'i-0614bf86fff7c6e9f', 'i-0eb87dd00601b63fe', 'i-05e457e3ad0495311', 'i-039c7305badd69178', 'i-03c4039a0a0528f4f', 'i-01ea107afd36beee2', 'i-01a363d76ddc01df7', 'i-0f58655cf4933994b', 'i-0545477bb26e4ab99', 'i-0a8de1024137ed19a', 'i-0f37c6ef7ddb8e586', 'i-0d3a8d6a7c70c6bd5', 'i-07a089d57fd2a6c8c', 'i-0bd391661620d2c91', 'i-03250393a3d965051', 'i-0fd6e22c4d0b7e53d', 'i-0a4e2203f5014939e', 'i-04e2e1118149eb9b6', 'i-0de9a28505bb976c3', 'i-07ef38e82cb29fc39', 'i-0c5eaba7022a97cd2', 'i-0baacd8abce3d6043', 'i-0858023d20d7cf06c', 'i-05e533f772722800d', 'i-04e76975bddc21028', 'i-0f2e7c6214725f3ef', 'i-00052189234037abe', 'i-0d74ae3148b0885c9', 'i-0f16622b3c40c14bd', 'i-093232574dbae9d24']
2025-06-28 09:29:47 - INFO - Updating file: results/results_miguel_300.csv
2025-06-28 09:29:47 - INFO - Updating file: results/results_miguel_300.csv
2025-06-28 09:29:47 - INFO - Total de instâncias acumuladas: 250/300
2025-06-28 09:29:47 - INFO - Faltam 50 instâncias. Tentando criar 50 do tipo m5.24xlarge na região us-east-1f.
2025-06-28 09:29:47 - INFO - Found credentials in shared credentials file: ~/.aws/credentials
2025-06-28 09:29:50 - WARNING - No instances were launched.
2025-06-28 09:29:50 - INFO - Updating file: results/results_miguel_300.csv
2025-06-28 09:29:50 - INFO - Updating file: results/results_miguel_300.csv
2025-06-28 09:29:50 - INFO - Faltam 50 instâncias. Tentando criar 50 do tipo r6a.24xlarge na região us-east-1b.
2025-06-28 09:29:50 - INFO - Found credentials in shared credentials file: ~/.aws/credentials
2025-06-28 09:29:54 - INFO - Fleet created with instances: ['i-0ecb46b66d82fa60b', 'i-0502f71824166719e', 'i-03eb94315034eb02c', 'i-0b2ca77412c6942c4', 'i-064ca046ab81d0117', 'i-0a2e7cf8f9afc2a08', 'i-0564061876f2db1a3', 'i-02d31688cc458c663', 'i-0397b0f6e10e36e93', 'i-02e176d6e378411a5', 'i-0bbd8fcf79517b60a', 'i-09f1b70bafcf76b77', 'i-0230543fab2940fc4', 'i-0fb479b52d74d54ed', 'i-09911c04551add83e', 'i-05c4d5c72f1d706fb', 'i-0dace99a1f16892ec', 'i-0b8e7eba26c0f37e8', 'i-0356ba2563bdee411', 'i-03d7bea320c5af873', 'i-0ee0ca0ff746e4d0c', 'i-0c7062b7df8234427', 'i-0997749e44e8044a8', 'i-0175910ec116f2200', 'i-0640e4a2ca087838f', 'i-01fb6ce3f46666f05', 'i-047798c1ddf58f783', 'i-0394199c7aba5eb46', 'i-0b40f5967ac1250e2', 'i-0d0e606af7982c43e', 'i-01eccc05bfe7c4517', 'i-08fad9b2945b032a1', 'i-0a80af1ed1ca41a1c', 'i-07f00edf917a92cb8', 'i-05e08d093e05163b0', 'i-046813b09e33c6a68', 'i-05d468bba39733e45', 'i-09bb176202e63eeaa', 'i-018ec85c5ded3d4ce', 'i-055365d7cd35fde5a', 'i-0c7e903d86242e73e', 'i-06528f435f5624960', 'i-0d4883483716483c9', 'i-09cfd512a41e6fcf7', 'i-01eb660acd90d5903', 'i-016c13d5aa548c73c', 'i-05bc17645b92e744e', 'i-04de09976186710e9', 'i-0c03da2e803c215d9', 'i-08649e6c2b27f5158']
2025-06-28 09:30:34 - INFO - Updating file: results/results_miguel_300.csv
2025-06-28 09:30:34 - INFO - Total de instâncias acumuladas: 300/300
2025-06-28 09:30:34 - INFO - Tempo gasto para receber respostas de 3 pedidos da AWS: 17.038436
2025-06-28 09:30:34 - INFO - Tempo gasto para 300 ficarem running: 167.77413
2025-06-28 09:30:34 - INFO - Tempo total: 184.812566
2025-06-28 09:30:34 - INFO - 300 instâncias no total. Iniciando benchmark em paralelo...
2025-06-28 09:30:34 - INFO - Updating file: results/results_miguel_300.csv
2025-06-28 09:30:34 - INFO - Updating file: results/results_miguel_300.csv
2025-06-28 09:30:34 - INFO - Updating file: results/results_miguel_300.csv
2025-06-28 09:30:34 - INFO - Updating file: results/results_miguel_300.csv
2025-06-28 09:30:34 - INFO - Updating file: results/results_miguel_300.csv
2025-06-28 09:30:34 - INFO - Updating file: results/results_miguel_300.csv
2025-06-28 09:30:34 - INFO - Updating file: results/results_miguel_300.csv
2025-06-28 09:30:34 - INFO - Updating file: results/results_miguel_300.csv
2025-06-28 09:30:34 - INFO - Updating file: results/results_miguel_300.csv
2025-06-28 09:30:34 - INFO - Updating file: results/results_miguel_300.csv
2025-06-28 09:30:35 - INFO - Updating file: results/results_miguel_300.csv
2025-06-28 09:30:35 - INFO - Updating file: results/results_miguel_300.csv
2025-06-28 09:30:35 - INFO - Updating file: results/results_miguel_300.csv
2025-06-28 09:30:35 - INFO - Updating file: results/results_miguel_300.csv
2025-06-28 09:30:35 - INFO - Updating file: results/results_miguel_300.csv
2025-06-28 09:30:35 - INFO - Updating file: results/results_miguel_300.csv
2025-06-28 09:30:35 - INFO - Updating file: results/results_miguel_300.csv
2025-06-28 09:30:35 - INFO - Updating file: results/results_miguel_300.csv
2025-06-28 09:30:35 - INFO - Updating file: results/results_miguel_300.csv
2025-06-28 09:30:35 - INFO - Updating file: results/results_miguel_300.csv
2025-06-28 09:30:35 - INFO - Updating file: results/results_miguel_300.csv
2025-06-28 09:30:35 - INFO - Updating file: results/results_miguel_300.csv
2025-06-28 09:30:35 - INFO - Updating file: results/results_miguel_300.csv
2025-06-28 09:30:35 - INFO - Updating file: results/results_miguel_300.csv
2025-06-28 09:30:35 - INFO - Updating file: results/results_miguel_300.csv
2025-06-28 09:30:35 - INFO - Updating file: results/results_miguel_300.csv
2025-06-28 09:30:35 - INFO - Updating file: results/results_miguel_300.csv
2025-06-28 09:30:35 - INFO - Updating file: results/results_miguel_300.csv
2025-06-28 09:30:35 - INFO - Updating file: results/results_miguel_300.csv
2025-06-28 09:30:35 - INFO - Updating file: results/results_miguel_300.csv
2025-06-28 09:30:35 - INFO - Updating file: results/results_miguel_300.csv
2025-06-28 09:30:35 - INFO - Updating file: results/results_miguel_300.csv
2025-06-28 09:30:35 - INFO - Updating file: results/results_miguel_300.csv
2025-06-28 09:30:35 - INFO - Updating file: results/results_miguel_300.csv
2025-06-28 09:30:35 - INFO - Updating file: results/results_miguel_300.csv
2025-06-28 09:30:35 - INFO - Updating file: results/results_miguel_300.csv
2025-06-28 09:30:35 - INFO - Updating file: results/results_miguel_300.csv
2025-06-28 09:30:35 - INFO - Updating file: results/results_miguel_300.csv
2025-06-28 09:30:35 - INFO - Updating file: results/results_miguel_300.csv
2025-06-28 09:30:35 - INFO - Updating file: results/results_miguel_300.csv
2025-06-28 09:30:35 - INFO - Updating file: results/results_miguel_300.csv
2025-06-28 09:30:35 - INFO - Updating file: results/results_miguel_300.csv
2025-06-28 09:30:35 - INFO - Updating file: results/results_miguel_300.csv
2025-06-28 09:30:35 - INFO - Updating file: results/results_miguel_300.csv
2025-06-28 09:30:35 - INFO - Updating file: results/results_miguel_300.csv
2025-06-28 09:30:35 - INFO - Updating file: results/results_miguel_300.csv
2025-06-28 09:30:35 - INFO - Updating file: results/results_miguel_300.csv
2025-06-28 09:30:35 - INFO - Updating file: results/results_miguel_300.csv
2025-06-28 09:30:35 - INFO - Updating file: results/results_miguel_300.csv
2025-06-28 09:30:35 - INFO - Updating file: results/results_miguel_300.csv
2025-06-28 09:30:35 - INFO - Updating file: results/results_miguel_300.csv
2025-06-28 09:30:35 - INFO - Updating file: results/results_miguel_300.csv
2025-06-28 09:30:36 - INFO - Updating file: results/results_miguel_300.csv
2025-06-28 09:30:36 - INFO - Updating file: results/results_miguel_300.csv
2025-06-28 09:30:36 - INFO - Updating file: results/results_miguel_300.csv
2025-06-28 09:30:36 - INFO - Updating file: results/results_miguel_300.csv
2025-06-28 09:30:36 - INFO - Updating file: results/results_miguel_300.csv
2025-06-28 09:30:36 - INFO - Updating file: results/results_miguel_300.csv
2025-06-28 09:30:36 - INFO - Updating file: results/results_miguel_300.csv
2025-06-28 09:30:36 - INFO - Updating file: results/results_miguel_300.csv
2025-06-28 09:30:36 - INFO - Updating file: results/results_miguel_300.csv
2025-06-28 09:30:36 - INFO - Updating file: results/results_miguel_300.csv
2025-06-28 09:30:36 - INFO - Updating file: results/results_miguel_300.csv
2025-06-28 09:30:36 - INFO - Updating file: results/results_miguel_300.csv
2025-06-28 09:30:36 - INFO - Updating file: results/results_miguel_300.csv
2025-06-28 09:30:36 - INFO - Updating file: results/results_miguel_300.csv
2025-06-28 09:30:36 - INFO - Updating file: results/results_miguel_300.csv
2025-06-28 09:30:36 - INFO - Updating file: results/results_miguel_300.csv
2025-06-28 09:30:36 - INFO - Updating file: results/results_miguel_300.csv
2025-06-28 09:30:36 - INFO - Updating file: results/results_miguel_300.csv
2025-06-28 09:30:36 - INFO - Updating file: results/results_miguel_300.csv
2025-06-28 09:30:36 - INFO - Updating file: results/results_miguel_300.csv
2025-06-28 09:30:36 - INFO - Updating file: results/results_miguel_300.csv
2025-06-28 09:30:36 - INFO - Updating file: results/results_miguel_300.csv
2025-06-28 09:30:36 - INFO - Updating file: results/results_miguel_300.csv
2025-06-28 09:30:36 - INFO - Updating file: results/results_miguel_300.csv
2025-06-28 09:30:36 - INFO - Updating file: results/results_miguel_300.csv
2025-06-28 09:30:36 - INFO - Updating file: results/results_miguel_300.csv
2025-06-28 09:30:36 - INFO - Updating file: results/results_miguel_300.csv
2025-06-28 09:30:36 - INFO - Updating file: results/results_miguel_300.csv
2025-06-28 09:30:36 - INFO - Updating file: results/results_miguel_300.csv
2025-06-28 09:30:36 - INFO - Updating file: results/results_miguel_300.csv
2025-06-28 09:30:36 - INFO - Updating file: results/results_miguel_300.csv
2025-06-28 09:30:36 - INFO - Updating file: results/results_miguel_300.csv
2025-06-28 09:30:36 - INFO - Updating file: results/results_miguel_300.csv
2025-06-28 09:30:36 - INFO - Updating file: results/results_miguel_300.csv
2025-06-28 09:30:36 - INFO - Updating file: results/results_miguel_300.csv
2025-06-28 09:30:36 - INFO - Updating file: results/results_miguel_300.csv
2025-06-28 09:30:36 - INFO - Updating file: results/results_miguel_300.csv
2025-06-28 09:30:36 - INFO - Updating file: results/results_miguel_300.csv
2025-06-28 09:30:36 - INFO - Updating file: results/results_miguel_300.csv
2025-06-28 09:30:36 - INFO - Updating file: results/results_miguel_300.csv
2025-06-28 09:30:36 - INFO - Updating file: results/results_miguel_300.csv
2025-06-28 09:30:36 - INFO - Updating file: results/results_miguel_300.csv
2025-06-28 09:30:37 - INFO - Updating file: results/results_miguel_300.csv
2025-06-28 09:30:37 - INFO - Updating file: results/results_miguel_300.csv
2025-06-28 09:30:37 - INFO - Updating file: results/results_miguel_300.csv
2025-06-28 09:30:37 - INFO - Updating file: results/results_miguel_300.csv
2025-06-28 09:30:37 - INFO - Updating file: results/results_miguel_300.csv
2025-06-28 09:30:37 - INFO - Updating file: results/results_miguel_300.csv
2025-06-28 09:30:37 - INFO - Updating file: results/results_miguel_300.csv
2025-06-28 09:30:37 - INFO - Updating file: results/results_miguel_300.csv
2025-06-28 09:30:37 - INFO - Updating file: results/results_miguel_300.csv
2025-06-28 09:30:37 - INFO - Updating file: results/results_miguel_300.csv
2025-06-28 09:30:37 - INFO - Updating file: results/results_miguel_300.csv
2025-06-28 09:30:37 - INFO - Updating file: results/results_miguel_300.csv
2025-06-28 09:30:37 - INFO - Updating file: results/results_miguel_300.csv
2025-06-28 09:30:37 - INFO - Updating file: results/results_miguel_300.csv
2025-06-28 09:30:37 - INFO - Updating file: results/results_miguel_300.csv
2025-06-28 09:30:37 - INFO - Updating file: results/results_miguel_300.csv
2025-06-28 09:30:37 - INFO - Updating file: results/results_miguel_300.csv
2025-06-28 09:30:37 - INFO - Updating file: results/results_miguel_300.csv
2025-06-28 09:30:37 - INFO - Updating file: results/results_miguel_300.csv
2025-06-28 09:30:37 - INFO - Updating file: results/results_miguel_300.csv
2025-06-28 09:30:37 - INFO - Updating file: results/results_miguel_300.csv
2025-06-28 09:30:37 - INFO - Updating file: results/results_miguel_300.csv
2025-06-28 09:30:37 - INFO - Updating file: results/results_miguel_300.csv
2025-06-28 09:30:37 - INFO - Updating file: results/results_miguel_300.csv
2025-06-28 09:30:37 - INFO - Updating file: results/results_miguel_300.csv
2025-06-28 09:30:37 - INFO - Updating file: results/results_miguel_300.csv
2025-06-28 09:30:37 - INFO - Updating file: results/results_miguel_300.csv
2025-06-28 09:30:37 - INFO - Updating file: results/results_miguel_300.csv
2025-06-28 09:30:37 - INFO - Updating file: results/results_miguel_300.csv
2025-06-28 09:30:37 - INFO - Updating file: results/results_miguel_300.csv
2025-06-28 09:30:37 - INFO - Updating file: results/results_miguel_300.csv
2025-06-28 09:30:37 - INFO - Updating file: results/results_miguel_300.csv
2025-06-28 09:30:37 - INFO - Updating file: results/results_miguel_300.csv
2025-06-28 09:30:37 - INFO - Updating file: results/results_miguel_300.csv
2025-06-28 09:30:37 - INFO - Updating file: results/results_miguel_300.csv
2025-06-28 09:30:37 - INFO - Updating file: results/results_miguel_300.csv
2025-06-28 09:30:37 - INFO - Updating file: results/results_miguel_300.csv
2025-06-28 09:30:37 - INFO - Updating file: results/results_miguel_300.csv
2025-06-28 09:30:37 - INFO - Updating file: results/results_miguel_300.csv
2025-06-28 09:30:37 - INFO - Updating file: results/results_miguel_300.csv
2025-06-28 09:30:38 - INFO - Updating file: results/results_miguel_300.csv
2025-06-28 09:30:38 - INFO - Updating file: results/results_miguel_300.csv
2025-06-28 09:30:38 - INFO - Updating file: results/results_miguel_300.csv
2025-06-28 09:30:38 - INFO - Updating file: results/results_miguel_300.csv
2025-06-28 09:30:38 - INFO - Updating file: results/results_miguel_300.csv
2025-06-28 09:30:38 - INFO - Updating file: results/results_miguel_300.csv
2025-06-28 09:30:38 - INFO - Updating file: results/results_miguel_300.csv
2025-06-28 09:30:38 - INFO - Updating file: results/results_miguel_300.csv
2025-06-28 09:30:38 - INFO - Updating file: results/results_miguel_300.csv
2025-06-28 09:30:38 - INFO - Updating file: results/results_miguel_300.csv
2025-06-28 09:30:38 - INFO - Updating file: results/results_miguel_300.csv
2025-06-28 09:30:38 - INFO - Updating file: results/results_miguel_300.csv
2025-06-28 09:30:38 - INFO - Updating file: results/results_miguel_300.csv
2025-06-28 09:30:38 - INFO - Updating file: results/results_miguel_300.csv
2025-06-28 09:30:38 - INFO - Updating file: results/results_miguel_300.csv
2025-06-28 09:30:38 - INFO - Updating file: results/results_miguel_300.csv
2025-06-28 09:30:38 - INFO - Updating file: results/results_miguel_300.csv
2025-06-28 09:30:38 - INFO - Updating file: results/results_miguel_300.csv
2025-06-28 09:30:38 - INFO - Updating file: results/results_miguel_300.csv
2025-06-28 09:30:38 - INFO - Updating file: results/results_miguel_300.csv
2025-06-28 09:30:38 - INFO - Updating file: results/results_miguel_300.csv
2025-06-28 09:30:38 - INFO - Updating file: results/results_miguel_300.csv
2025-06-28 09:30:38 - INFO - Updating file: results/results_miguel_300.csv
2025-06-28 09:30:38 - INFO - Updating file: results/results_miguel_300.csv
2025-06-28 09:30:38 - INFO - Updating file: results/results_miguel_300.csv
2025-06-28 09:30:38 - INFO - Updating file: results/results_miguel_300.csv
2025-06-28 09:30:38 - INFO - Updating file: results/results_miguel_300.csv
2025-06-28 09:30:38 - INFO - Updating file: results/results_miguel_300.csv
2025-06-28 09:30:38 - INFO - Updating file: results/results_miguel_300.csv
2025-06-28 09:30:38 - INFO - Updating file: results/results_miguel_300.csv
2025-06-28 09:30:38 - INFO - Updating file: results/results_miguel_300.csv
2025-06-28 09:30:38 - INFO - Updating file: results/results_miguel_300.csv
2025-06-28 09:30:38 - INFO - Updating file: results/results_miguel_300.csv
2025-06-28 09:30:38 - INFO - Updating file: results/results_miguel_300.csv
2025-06-28 09:30:38 - INFO - Updating file: results/results_miguel_300.csv
2025-06-28 09:30:38 - INFO - Updating file: results/results_miguel_300.csv
2025-06-28 09:30:38 - INFO - Updating file: results/results_miguel_300.csv
2025-06-28 09:30:38 - INFO - Updating file: results/results_miguel_300.csv
2025-06-28 09:30:38 - INFO - Updating file: results/results_miguel_300.csv
2025-06-28 09:30:38 - INFO - Updating file: results/results_miguel_300.csv
2025-06-28 09:30:39 - INFO - Updating file: results/results_miguel_300.csv
2025-06-28 09:30:39 - INFO - Updating file: results/results_miguel_300.csv
2025-06-28 09:30:39 - INFO - Updating file: results/results_miguel_300.csv
2025-06-28 09:30:39 - INFO - Updating file: results/results_miguel_300.csv
2025-06-28 09:30:39 - INFO - Updating file: results/results_miguel_300.csv
2025-06-28 09:30:39 - INFO - Updating file: results/results_miguel_300.csv
2025-06-28 09:30:39 - INFO - Updating file: results/results_miguel_300.csv
2025-06-28 09:30:39 - INFO - Updating file: results/results_miguel_300.csv
2025-06-28 09:30:39 - INFO - Updating file: results/results_miguel_300.csv
2025-06-28 09:30:39 - INFO - Updating file: results/results_miguel_300.csv
2025-06-28 09:30:39 - INFO - Updating file: results/results_miguel_300.csv
2025-06-28 09:30:39 - INFO - Updating file: results/results_miguel_300.csv
2025-06-28 09:30:39 - INFO - Updating file: results/results_miguel_300.csv
2025-06-28 09:30:39 - INFO - Updating file: results/results_miguel_300.csv
2025-06-28 09:30:39 - INFO - Updating file: results/results_miguel_300.csv
2025-06-28 09:30:39 - INFO - Updating file: results/results_miguel_300.csv
2025-06-28 09:30:39 - INFO - Updating file: results/results_miguel_300.csv
2025-06-28 09:30:39 - INFO - Updating file: results/results_miguel_300.csv
2025-06-28 09:30:39 - INFO - Updating file: results/results_miguel_300.csv
2025-06-28 09:30:39 - INFO - Updating file: results/results_miguel_300.csv
2025-06-28 09:30:39 - INFO - Updating file: results/results_miguel_300.csv
2025-06-28 09:30:39 - INFO - Updating file: results/results_miguel_300.csv
2025-06-28 09:30:39 - INFO - Updating file: results/results_miguel_300.csv
2025-06-28 09:30:39 - INFO - Updating file: results/results_miguel_300.csv
2025-06-28 09:30:39 - INFO - Updating file: results/results_miguel_300.csv
2025-06-28 09:30:39 - INFO - Updating file: results/results_miguel_300.csv
2025-06-28 09:30:39 - INFO - Updating file: results/results_miguel_300.csv
2025-06-28 09:30:39 - INFO - Updating file: results/results_miguel_300.csv
2025-06-28 09:30:39 - INFO - Updating file: results/results_miguel_300.csv
2025-06-28 09:30:39 - INFO - Updating file: results/results_miguel_300.csv
2025-06-28 09:30:39 - INFO - Updating file: results/results_miguel_300.csv
2025-06-28 09:30:39 - INFO - Updating file: results/results_miguel_300.csv
2025-06-28 09:30:39 - INFO - Updating file: results/results_miguel_300.csv
2025-06-28 09:30:39 - INFO - Updating file: results/results_miguel_300.csv
2025-06-28 09:30:39 - INFO - Updating file: results/results_miguel_300.csv
2025-06-28 09:30:39 - INFO - Updating file: results/results_miguel_300.csv
2025-06-28 09:30:39 - INFO - Updating file: results/results_miguel_300.csv
2025-06-28 09:30:39 - INFO - Updating file: results/results_miguel_300.csv
2025-06-28 09:30:40 - INFO - Updating file: results/results_miguel_300.csv
2025-06-28 09:30:40 - INFO - Updating file: results/results_miguel_300.csv
2025-06-28 09:30:40 - INFO - Updating file: results/results_miguel_300.csv
2025-06-28 09:30:40 - INFO - Updating file: results/results_miguel_300.csv
2025-06-28 09:30:40 - INFO - Updating file: results/results_miguel_300.csv
2025-06-28 09:30:40 - INFO - Updating file: results/results_miguel_300.csv
2025-06-28 09:30:40 - INFO - Updating file: results/results_miguel_300.csv
2025-06-28 09:30:40 - INFO - Updating file: results/results_miguel_300.csv
2025-06-28 09:30:40 - INFO - Updating file: results/results_miguel_300.csv
2025-06-28 09:30:40 - INFO - Updating file: results/results_miguel_300.csv
2025-06-28 09:30:40 - INFO - Updating file: results/results_miguel_300.csv
2025-06-28 09:30:40 - INFO - Updating file: results/results_miguel_300.csv
2025-06-28 09:30:40 - INFO - Updating file: results/results_miguel_300.csv
2025-06-28 09:30:40 - INFO - Updating file: results/results_miguel_300.csv
2025-06-28 09:30:40 - INFO - Updating file: results/results_miguel_300.csv
2025-06-28 09:30:40 - INFO - Updating file: results/results_miguel_300.csv
2025-06-28 09:30:40 - INFO - Updating file: results/results_miguel_300.csv
2025-06-28 09:30:40 - INFO - Updating file: results/results_miguel_300.csv
2025-06-28 09:30:40 - INFO - Updating file: results/results_miguel_300.csv
2025-06-28 09:30:40 - INFO - Updating file: results/results_miguel_300.csv
2025-06-28 09:30:40 - INFO - Updating file: results/results_miguel_300.csv
2025-06-28 09:30:40 - INFO - Updating file: results/results_miguel_300.csv
2025-06-28 09:30:40 - INFO - Updating file: results/results_miguel_300.csv
2025-06-28 09:30:40 - INFO - Updating file: results/results_miguel_300.csv
2025-06-28 09:30:40 - INFO - Updating file: results/results_miguel_300.csv
2025-06-28 09:30:40 - INFO - Updating file: results/results_miguel_300.csv
2025-06-28 09:30:40 - INFO - Updating file: results/results_miguel_300.csv
2025-06-28 09:30:40 - INFO - Updating file: results/results_miguel_300.csv
2025-06-28 09:30:40 - INFO - Updating file: results/results_miguel_300.csv
2025-06-28 09:30:40 - INFO - Updating file: results/results_miguel_300.csv
2025-06-28 09:30:40 - INFO - Updating file: results/results_miguel_300.csv
2025-06-28 09:30:40 - INFO - Updating file: results/results_miguel_300.csv
2025-06-28 09:30:40 - INFO - Updating file: results/results_miguel_300.csv
2025-06-28 09:30:40 - INFO - Updating file: results/results_miguel_300.csv
2025-06-28 09:30:40 - INFO - Updating file: results/results_miguel_300.csv
2025-06-28 09:30:40 - INFO - Updating file: results/results_miguel_300.csv
2025-06-28 09:30:40 - INFO - Updating file: results/results_miguel_300.csv
2025-06-28 09:30:41 - INFO - Updating file: results/results_miguel_300.csv
2025-06-28 09:30:41 - INFO - Updating file: results/results_miguel_300.csv
2025-06-28 09:30:41 - INFO - Updating file: results/results_miguel_300.csv
2025-06-28 09:30:41 - INFO - Updating file: results/results_miguel_300.csv
2025-06-28 09:30:41 - INFO - Updating file: results/results_miguel_300.csv
2025-06-28 09:30:41 - INFO - Updating file: results/results_miguel_300.csv
2025-06-28 09:30:41 - INFO - Updating file: results/results_miguel_300.csv
2025-06-28 09:30:41 - INFO - Updating file: results/results_miguel_300.csv
2025-06-28 09:30:41 - INFO - Updating file: results/results_miguel_300.csv
2025-06-28 09:30:41 - INFO - Updating file: results/results_miguel_300.csv
2025-06-28 09:30:41 - INFO - Updating file: results/results_miguel_300.csv
2025-06-28 09:30:41 - INFO - Updating file: results/results_miguel_300.csv
2025-06-28 09:30:41 - INFO - Updating file: results/results_miguel_300.csv
2025-06-28 09:30:41 - INFO - Updating file: results/results_miguel_300.csv
2025-06-28 09:30:41 - INFO - Updating file: results/results_miguel_300.csv
2025-06-28 09:30:41 - INFO - Updating file: results/results_miguel_300.csv
2025-06-28 09:30:41 - INFO - Updating file: results/results_miguel_300.csv
2025-06-28 09:30:41 - INFO - Updating file: results/results_miguel_300.csv
2025-06-28 09:30:41 - INFO - Updating file: results/results_miguel_300.csv
2025-06-28 09:30:41 - INFO - Updating file: results/results_miguel_300.csv
2025-06-28 09:30:41 - INFO - Updating file: results/results_miguel_300.csv
2025-06-28 09:30:41 - INFO - Updating file: results/results_miguel_300.csv
2025-06-28 09:30:41 - INFO - Updating file: results/results_miguel_300.csv
2025-06-28 09:30:41 - INFO - Updating file: results/results_miguel_300.csv
2025-06-28 09:30:41 - INFO - Updating file: results/results_miguel_300.csv
2025-06-28 09:30:41 - INFO - Updating file: results/results_miguel_300.csv
2025-06-28 09:30:41 - INFO - Updating file: results/results_miguel_300.csv
2025-06-28 09:30:41 - INFO - Updating file: results/results_miguel_300.csv
2025-06-28 09:30:41 - INFO - Updating file: results/results_miguel_300.csv
2025-06-28 09:30:41 - INFO - Updating file: results/results_miguel_300.csv
2025-06-28 09:30:41 - INFO - Updating file: results/results_miguel_300.csv
2025-06-28 09:30:41 - INFO - Updating file: results/results_miguel_300.csv
2025-06-28 09:30:41 - INFO - Updating file: results/results_miguel_300.csv
2025-06-28 09:30:41 - INFO - Updating file: results/results_miguel_300.csv
2025-06-28 09:30:41 - INFO - Updating file: results/results_miguel_300.csv
2025-06-28 09:30:41 - INFO - Updating file: results/results_miguel_300.csv
2025-06-28 09:30:42 - INFO - Updating file: results/results_miguel_300.csv
2025-06-28 09:30:42 - INFO - Updating file: results/results_miguel_300.csv
2025-06-28 09:30:42 - INFO - Updating file: results/results_miguel_300.csv
2025-06-28 09:30:42 - INFO - Updating file: results/results_miguel_300.csv
2025-06-28 09:30:42 - INFO - Updating file: results/results_miguel_300.csv
2025-06-28 09:30:42 - INFO - Updating file: results/results_miguel_300.csv
2025-06-28 09:30:42 - INFO - Updating file: results/results_miguel_300.csv
2025-06-28 09:30:42 - INFO - Updating file: results/results_miguel_300.csv
2025-06-28 09:30:42 - INFO - Updating file: results/results_miguel_300.csv
2025-06-28 09:30:42 - INFO - Updating file: results/results_miguel_300.csv
2025-06-28 09:30:42 - INFO - Updating file: results/results_miguel_300.csv
2025-06-28 09:30:42 - INFO - Updating file: results/results_miguel_300.csv
2025-06-28 09:30:42 - INFO - Updating file: results/results_miguel_300.csv
2025-06-28 09:30:42 - INFO - Updating file: results/results_miguel_300.csv
2025-06-28 09:30:42 - INFO - Updating file: results/results_miguel_300.csv
2025-06-28 09:31:02 - INFO - All instances have been terminated.
2025-08-11 22:16:10 - INFO - Start execution Nodes=10 Benchmark=bt.A.x Allocation Strategy=lowest-price
2025-08-11 22:17:08 - INFO - Start execution Nodes=10 Benchmark=bt.A.x Allocation Strategy=lowest-price
2025-08-11 22:18:20 - INFO - Found credentials in shared credentials file: ~/.aws/credentials
2025-08-11 22:19:26 - INFO - Start execution Nodes=10 Benchmark=bt.A.x Allocation Strategy=lowest-price
2025-08-11 22:19:27 - INFO - Found credentials in shared credentials file: ~/.aws/credentials
2025-08-11 22:21:48 - INFO - Start execution Nodes=10 Benchmark=bt.A.x Allocation Strategy=lowest-price
2025-08-11 22:21:48 - INFO - Found credentials in shared credentials file: ~/.aws/credentials
2025-08-11 22:21:49 - WARNING - No instances were launched.
2025-08-11 22:21:49 - INFO - Updating file: results/results_miguel_10.csv
2025-08-11 22:21:49 - INFO - Found credentials in shared credentials file: ~/.aws/credentials
2025-08-11 22:21:57 - INFO - Fleet created with instances: ['i-0c0abe1caf66fffde', 'i-0a4f875582e8ba12a', 'i-018eec7b7161772fd', 'i-05c104cd6e33f4e08', 'i-08b0803a02603f7c7', 'i-0aea191e7c3b66010', 'i-018633f95ab7db817', 'i-02c4986f7f7f27f3a', 'i-0f2eb80be0671d84f', 'i-0d5f3bae5e8c9b09f']
2025-08-11 22:22:15 - INFO - Updating file: results/results_miguel_10.csv
2025-08-11 22:22:15 - INFO - Updating file: results/results_miguel_10.csv
2025-08-11 22:22:15 - INFO - Total de instâncias acumuladas: 10/10
2025-08-11 22:22:15 - INFO - Tempo gasto para receber respostas de 3 pedidos da AWS: 0
2025-08-11 22:22:15 - INFO - Tempo gasto para 10 ficarem running: 0
2025-08-11 22:22:15 - INFO - Tempo total: 0
2025-08-11 22:22:15 - INFO - 10 instâncias no total. Iniciando benchmark em paralelo...
2025-08-11 22:22:15 - INFO - Updating file: results/results_miguel_10.csv
2025-08-11 22:22:15 - INFO - Updating file: results/results_miguel_10.csv
2025-08-11 22:22:15 - INFO - Updating file: results/results_miguel_10.csv
2025-08-11 22:22:15 - INFO - Updating file: results/results_miguel_10.csv
2025-08-11 22:22:15 - INFO - Updating file: results/results_miguel_10.csv
2025-08-11 22:22:15 - INFO - Updating file: results/results_miguel_10.csv
2025-08-11 22:22:15 - INFO - Updating file: results/results_miguel_10.csv
2025-08-11 22:22:15 - INFO - Updating file: results/results_miguel_10.csv
2025-08-11 22:22:15 - INFO - Updating file: results/results_miguel_10.csv
2025-08-11 22:22:15 - INFO - Updating file: results/results_miguel_10.csv
2025-08-11 22:22:23 - INFO - All instances have been terminated.
